Archive member included because of file (symbol)

d:/courses/parallel deploma/avr/imt_sdk_win_64/imt_sdk_win_64/winavr/bin/../lib/gcc/avr/4.3.3/avr5\libgcc.a(_exit.o)
                              d:/courses/parallel deploma/avr/imt_sdk_win_64/imt_sdk_win_64/winavr/bin/../lib/gcc/avr/4.3.3/../../../../avr/lib/avr5/crtm32.o (exit)
d:/courses/parallel deploma/avr/imt_sdk_win_64/imt_sdk_win_64/winavr/bin/../lib/gcc/avr/4.3.3/avr5\libgcc.a(_clear_bss.o)
                              ./main.o (__do_clear_bss)

Allocating common symbols
Common symbol       size              file

global_u8Flag       0x1               ./main.o

Memory Configuration

Name             Origin             Length             Attributes
text             0x00000000         0x00020000         xr
data             0x00800060         0x0000ffa0         rw !x
eeprom           0x00810000         0x00010000         rw !x
fuse             0x00820000         0x00000400         rw !x
lock             0x00830000         0x00000400         rw !x
signature        0x00840000         0x00000400         rw !x
*default*        0x00000000         0xffffffff

Linker script and memory map

LOAD d:/courses/parallel deploma/avr/imt_sdk_win_64/imt_sdk_win_64/winavr/bin/../lib/gcc/avr/4.3.3/../../../../avr/lib/avr5/crtm32.o
LOAD ./DIO_Program.o
LOAD ./EXTI_Program.o
LOAD ./GIE_Program.o
LOAD ./main.o
LOAD d:/courses/parallel deploma/avr/imt_sdk_win_64/imt_sdk_win_64/winavr/bin/../lib/gcc/avr/4.3.3/avr5\libgcc.a
LOAD d:/courses/parallel deploma/avr/imt_sdk_win_64/imt_sdk_win_64/winavr/bin/../lib/gcc/avr/4.3.3/../../../../avr/lib/avr5\libc.a
LOAD d:/courses/parallel deploma/avr/imt_sdk_win_64/imt_sdk_win_64/winavr/bin/../lib/gcc/avr/4.3.3/avr5\libgcc.a

.hash
 *(.hash)

.dynsym
 *(.dynsym)

.dynstr
 *(.dynstr)

.gnu.version
 *(.gnu.version)

.gnu.version_d
 *(.gnu.version_d)

.gnu.version_r
 *(.gnu.version_r)

.rel.init
 *(.rel.init)

.rela.init
 *(.rela.init)

.rel.text
 *(.rel.text)
 *(.rel.text.*)
 *(.rel.gnu.linkonce.t*)

.rela.text
 *(.rela.text)
 *(.rela.text.*)
 *(.rela.gnu.linkonce.t*)

.rel.fini
 *(.rel.fini)

.rela.fini
 *(.rela.fini)

.rel.rodata
 *(.rel.rodata)
 *(.rel.rodata.*)
 *(.rel.gnu.linkonce.r*)

.rela.rodata
 *(.rela.rodata)
 *(.rela.rodata.*)
 *(.rela.gnu.linkonce.r*)

.rel.data
 *(.rel.data)
 *(.rel.data.*)
 *(.rel.gnu.linkonce.d*)

.rela.data
 *(.rela.data)
 *(.rela.data.*)
 *(.rela.gnu.linkonce.d*)

.rel.ctors
 *(.rel.ctors)

.rela.ctors
 *(.rela.ctors)

.rel.dtors
 *(.rel.dtors)

.rela.dtors
 *(.rela.dtors)

.rel.got
 *(.rel.got)

.rela.got
 *(.rela.got)

.rel.bss
 *(.rel.bss)

.rela.bss
 *(.rela.bss)

.rel.plt
 *(.rel.plt)

.rela.plt
 *(.rela.plt)

.text           0x00000000      0xae4
 *(.vectors)
 .vectors       0x00000000       0x54 d:/courses/parallel deploma/avr/imt_sdk_win_64/imt_sdk_win_64/winavr/bin/../lib/gcc/avr/4.3.3/../../../../avr/lib/avr5/crtm32.o
                0x00000000                __vectors
                0x00000000                __vector_default
 *(.vectors)
 *(.progmem.gcc*)
 *(.progmem*)
                0x00000054                . = ALIGN (0x2)
                0x00000054                __trampolines_start = .
 *(.trampolines)
 .trampolines   0x00000054        0x0 linker stubs
 *(.trampolines*)
                0x00000054                __trampolines_end = .
 *(.jumptables)
 *(.jumptables*)
 *(.lowtext)
 *(.lowtext*)
                0x00000054                __ctors_start = .
 *(.ctors)
                0x00000054                __ctors_end = .
                0x00000054                __dtors_start = .
 *(.dtors)
                0x00000054                __dtors_end = .
 SORT(*)(.ctors)
 SORT(*)(.dtors)
 *(.init0)
 .init0         0x00000054        0x0 d:/courses/parallel deploma/avr/imt_sdk_win_64/imt_sdk_win_64/winavr/bin/../lib/gcc/avr/4.3.3/../../../../avr/lib/avr5/crtm32.o
                0x00000054                __init
 *(.init0)
 *(.init1)
 *(.init1)
 *(.init2)
 .init2         0x00000054        0xc d:/courses/parallel deploma/avr/imt_sdk_win_64/imt_sdk_win_64/winavr/bin/../lib/gcc/avr/4.3.3/../../../../avr/lib/avr5/crtm32.o
 *(.init2)
 *(.init3)
 *(.init3)
 *(.init4)
 .init4         0x00000060       0x10 d:/courses/parallel deploma/avr/imt_sdk_win_64/imt_sdk_win_64/winavr/bin/../lib/gcc/avr/4.3.3/avr5\libgcc.a(_clear_bss.o)
                0x00000060                __do_clear_bss
 *(.init4)
 *(.init5)
 *(.init5)
 *(.init6)
 *(.init6)
 *(.init7)
 *(.init7)
 *(.init8)
 *(.init8)
 *(.init9)
 .init9         0x00000070        0x8 d:/courses/parallel deploma/avr/imt_sdk_win_64/imt_sdk_win_64/winavr/bin/../lib/gcc/avr/4.3.3/../../../../avr/lib/avr5/crtm32.o
 *(.init9)
 *(.text)
 .text          0x00000078        0x4 d:/courses/parallel deploma/avr/imt_sdk_win_64/imt_sdk_win_64/winavr/bin/../lib/gcc/avr/4.3.3/../../../../avr/lib/avr5/crtm32.o
                0x00000078                __vector_12
                0x00000078                __bad_interrupt
                0x00000078                __vector_6
                0x00000078                __vector_3
                0x00000078                __vector_11
                0x00000078                __vector_13
                0x00000078                __vector_17
                0x00000078                __vector_19
                0x00000078                __vector_7
                0x00000078                __vector_5
                0x00000078                __vector_4
                0x00000078                __vector_9
                0x00000078                __vector_2
                0x00000078                __vector_15
                0x00000078                __vector_8
                0x00000078                __vector_14
                0x00000078                __vector_10
                0x00000078                __vector_16
                0x00000078                __vector_18
                0x00000078                __vector_20
 .text          0x0000007c        0x0 ./DIO_Program.o
 .text          0x0000007c        0x0 ./EXTI_Program.o
 .text          0x0000007c        0x0 ./GIE_Program.o
 .text          0x0000007c        0x0 ./main.o
 .text          0x0000007c        0x0 d:/courses/parallel deploma/avr/imt_sdk_win_64/imt_sdk_win_64/winavr/bin/../lib/gcc/avr/4.3.3/avr5\libgcc.a(_exit.o)
 .text          0x0000007c        0x0 d:/courses/parallel deploma/avr/imt_sdk_win_64/imt_sdk_win_64/winavr/bin/../lib/gcc/avr/4.3.3/avr5\libgcc.a(_clear_bss.o)
                0x0000007c                . = ALIGN (0x2)
 *(.text.*)
 .text.MDIO_voidSetPinDirection
                0x0000007c      0x244 ./DIO_Program.o
                0x0000007c                MDIO_voidSetPinDirection
 .text.MDIO_voidSetPinValue
                0x000002c0      0x244 ./DIO_Program.o
                0x000002c0                MDIO_voidSetPinValue
 .text.MDIO_u8GetPinValue
                0x00000504      0x106 ./DIO_Program.o
                0x00000504                MDIO_u8GetPinValue
 .text.MDIO_voidSetPortDirection
                0x0000060a       0x88 ./DIO_Program.o
                0x0000060a                MDIO_voidSetPortDirection
 .text.MDIO_voidSetPortValue
                0x00000692       0x88 ./DIO_Program.o
                0x00000692                MDIO_voidSetPortValue
 .text.MEXTI_voidSenseControl
                0x0000071a      0x200 ./EXTI_Program.o
                0x0000071a                MEXTI_voidSenseControl
 .text.MEXTI_voidEnable
                0x0000091a       0x6e ./EXTI_Program.o
                0x0000091a                MEXTI_voidEnable
 .text.MEXTI_voidDisable
                0x00000988       0x6e ./EXTI_Program.o
                0x00000988                MEXTI_voidDisable
 .text.MGIE_voidEnable
                0x000009f6       0x1c ./GIE_Program.o
                0x000009f6                MGIE_voidEnable
 .text.MGIE_voidDisable
                0x00000a12       0x1c ./GIE_Program.o
                0x00000a12                MGIE_voidDisable
 .text.main     0x00000a2e       0x3a ./main.o
                0x00000a2e                main
 .text.__vector_1
                0x00000a68       0x78 ./main.o
                0x00000a68                __vector_1
 .text.libgcc   0x00000ae0        0x0 d:/courses/parallel deploma/avr/imt_sdk_win_64/imt_sdk_win_64/winavr/bin/../lib/gcc/avr/4.3.3/avr5\libgcc.a(_exit.o)
 .text.libgcc   0x00000ae0        0x0 d:/courses/parallel deploma/avr/imt_sdk_win_64/imt_sdk_win_64/winavr/bin/../lib/gcc/avr/4.3.3/avr5\libgcc.a(_clear_bss.o)
                0x00000ae0                . = ALIGN (0x2)
 *(.fini9)
 .fini9         0x00000ae0        0x0 d:/courses/parallel deploma/avr/imt_sdk_win_64/imt_sdk_win_64/winavr/bin/../lib/gcc/avr/4.3.3/avr5\libgcc.a(_exit.o)
                0x00000ae0                exit
                0x00000ae0                _exit
 *(.fini9)
 *(.fini8)
 *(.fini8)
 *(.fini7)
 *(.fini7)
 *(.fini6)
 *(.fini6)
 *(.fini5)
 *(.fini5)
 *(.fini4)
 *(.fini4)
 *(.fini3)
 *(.fini3)
 *(.fini2)
 *(.fini2)
 *(.fini1)
 *(.fini1)
 *(.fini0)
 .fini0         0x00000ae0        0x4 d:/courses/parallel deploma/avr/imt_sdk_win_64/imt_sdk_win_64/winavr/bin/../lib/gcc/avr/4.3.3/avr5\libgcc.a(_exit.o)
 *(.fini0)
                0x00000ae4                _etext = .

.data           0x00800060        0x0 load address 0x00000ae4
                0x00800060                PROVIDE (__data_start, .)
 *(.data)
 .data          0x00800060        0x0 d:/courses/parallel deploma/avr/imt_sdk_win_64/imt_sdk_win_64/winavr/bin/../lib/gcc/avr/4.3.3/../../../../avr/lib/avr5/crtm32.o
 .data          0x00800060        0x0 ./DIO_Program.o
 .data          0x00800060        0x0 ./EXTI_Program.o
 .data          0x00800060        0x0 ./GIE_Program.o
 .data          0x00800060        0x0 ./main.o
 .data          0x00800060        0x0 d:/courses/parallel deploma/avr/imt_sdk_win_64/imt_sdk_win_64/winavr/bin/../lib/gcc/avr/4.3.3/avr5\libgcc.a(_exit.o)
 .data          0x00800060        0x0 d:/courses/parallel deploma/avr/imt_sdk_win_64/imt_sdk_win_64/winavr/bin/../lib/gcc/avr/4.3.3/avr5\libgcc.a(_clear_bss.o)
 *(.data*)
 *(.rodata)
 *(.rodata*)
 *(.gnu.linkonce.d*)
                0x00800060                . = ALIGN (0x2)
                0x00800060                _edata = .
                0x00800060                PROVIDE (__data_end, .)

.bss            0x00800060        0x1
                0x00800060                PROVIDE (__bss_start, .)
 *(.bss)
 .bss           0x00800060        0x0 d:/courses/parallel deploma/avr/imt_sdk_win_64/imt_sdk_win_64/winavr/bin/../lib/gcc/avr/4.3.3/../../../../avr/lib/avr5/crtm32.o
 .bss           0x00800060        0x0 ./DIO_Program.o
 .bss           0x00800060        0x0 ./EXTI_Program.o
 .bss           0x00800060        0x0 ./GIE_Program.o
 .bss           0x00800060        0x0 ./main.o
 .bss           0x00800060        0x0 d:/courses/parallel deploma/avr/imt_sdk_win_64/imt_sdk_win_64/winavr/bin/../lib/gcc/avr/4.3.3/avr5\libgcc.a(_exit.o)
 .bss           0x00800060        0x0 d:/courses/parallel deploma/avr/imt_sdk_win_64/imt_sdk_win_64/winavr/bin/../lib/gcc/avr/4.3.3/avr5\libgcc.a(_clear_bss.o)
 *(.bss*)
 *(COMMON)
 COMMON         0x00800060        0x1 ./main.o
                0x00800060                global_u8Flag
                0x00800061                PROVIDE (__bss_end, .)
                0x00000ae4                __data_load_start = LOADADDR (.data)
                0x00000ae4                __data_load_end = (__data_load_start + SIZEOF (.data))

.noinit         0x00800061        0x0
                0x00800061                PROVIDE (__noinit_start, .)
 *(.noinit*)
                0x00800061                PROVIDE (__noinit_end, .)
                0x00800061                _end = .
                0x00800061                PROVIDE (__heap_start, .)

.eeprom         0x00810000        0x0
 *(.eeprom*)
                0x00810000                __eeprom_end = .

.fuse
 *(.fuse)
 *(.lfuse)
 *(.hfuse)
 *(.efuse)

.lock
 *(.lock*)

.signature
 *(.signature*)

.stab           0x00000000      0xc9c
 *(.stab)
 .stab          0x00000000      0x510 ./DIO_Program.o
 .stab          0x00000510      0x2e8 ./EXTI_Program.o
                                0x36c (size before relaxing)
 .stab          0x000007f8      0x144 ./GIE_Program.o
                                0x1c8 (size before relaxing)
 .stab          0x0000093c      0x360 ./main.o
                                0x3e4 (size before relaxing)

.stabstr        0x00000000      0x961
 *(.stabstr)
 .stabstr       0x00000000      0x961 ./DIO_Program.o

.stab.excl
 *(.stab.excl)

.stab.exclstr
 *(.stab.exclstr)

.stab.index
 *(.stab.index)

.stab.indexstr
 *(.stab.indexstr)

.comment
 *(.comment)

.debug
 *(.debug)

.line
 *(.line)

.debug_srcinfo
 *(.debug_srcinfo)

.debug_sfnames
 *(.debug_sfnames)

.debug_aranges
 *(.debug_aranges)

.debug_pubnames
 *(.debug_pubnames)

.debug_info
 *(.debug_info)
 *(.gnu.linkonce.wi.*)

.debug_abbrev
 *(.debug_abbrev)

.debug_line
 *(.debug_line)

.debug_frame
 *(.debug_frame)

.debug_str
 *(.debug_str)

.debug_loc
 *(.debug_loc)

.debug_macinfo
 *(.debug_macinfo)
OUTPUT(EXTI.elf elf32-avr)
LOAD linker stubs
